App.tsx(4781,6): error TS17008: JSX element 'div' has no corresponding closing tag.
App.tsx(6295,1): error TS1381: Unexpected token. Did you mean `{'}'}` or `&rbrace;`?
App.tsx(6299,1): error TS1005: '</' expected.
